diff --git a/easy-fs/src/efs.rs b/easy-fs/src/efs.rs
index 202b9eb..34bce45 100644
--- a/easy-fs/src/efs.rs
+++ b/easy-fs/src/efs.rs
@@ -121,6 +121,13 @@ impl EasyFileSystem {
             (inode_id % inodes_per_block) as usize * inode_size,
         )
     }
+    /// Get inode by block_id and block_offset
+    pub fn get_disk_inode_id(&self, block_id: u32, offset: usize) -> u32 {
+        let inode_size = core::mem::size_of::<DiskInode>();
+        let inodes_per_block = (BLOCK_SZ / inode_size) as u32;
+        let inner_id = block_id - self.inode_area_start_block;
+        inner_id * inodes_per_block + (offset / inode_size) as u32
+    }
     /// Get data block by id
     pub fn get_data_block_id(&self, data_block_id: u32) -> u32 {
         self.data_area_start_block + data_block_id
diff --git a/easy-fs/src/layout.rs b/easy-fs/src/layout.rs
index 0a3ac79..3674863 100644
--- a/easy-fs/src/layout.rs
+++ b/easy-fs/src/layout.rs
@@ -6,7 +6,7 @@ use core::fmt::{Debug, Formatter, Result};
 /// Magic number for sanity check
 const EFS_MAGIC: u32 = 0x3b800001;
 /// The max number of direct inodes
-const INODE_DIRECT_COUNT: usize = 28;
+const INODE_DIRECT_COUNT: usize = 27;
 /// The max length of inode name
 const NAME_LENGTH_LIMIT: usize = 27;
 /// The max number of indirect1 inodes
@@ -85,6 +85,7 @@ pub struct DiskInode {
     pub direct: [u32; INODE_DIRECT_COUNT],
     pub indirect1: u32,
     pub indirect2: u32,
+    pub nlink: u32,
     type_: DiskInodeType,
 }
 
@@ -96,6 +97,7 @@ impl DiskInode {
         self.direct.iter_mut().for_each(|v| *v = 0);
         self.indirect1 = 0;
         self.indirect2 = 0;
+        self.nlink = 1;
         self.type_ = type_;
     }
     /// Whether this inode is a directory
diff --git a/easy-fs/src/vfs.rs b/easy-fs/src/vfs.rs
index 9908385..0e23ad1 100644
--- a/easy-fs/src/vfs.rs
+++ b/easy-fs/src/vfs.rs
@@ -1,3 +1,7 @@
+use core::iter::empty;
+
+use crate::BLOCK_SZ;
+
 use super::{
     block_cache_sync_all, get_block_cache, BlockDevice, DirEntry, DiskInode, DiskInodeType,
     EasyFileSystem, DIRENT_SZ,
@@ -58,6 +62,39 @@ impl Inode {
         }
         None
     }
+    fn check_inode_reserved(&self, id: u32, disk_inode: &DiskInode) -> bool {
+        assert!(disk_inode.is_dir());
+        let file_count = (disk_inode.size as usize) / DIRENT_SZ;
+        let mut dirent = DirEntry::empty();
+        for i in 0..file_count {
+            assert_eq!(
+                disk_inode.read_at(DIRENT_SZ * i, dirent.as_bytes_mut(), &self.block_device,),
+                DIRENT_SZ,
+            );
+            if dirent.inode_id() == id {
+                return true;
+            }
+        }
+        false
+    }
+    fn remove_inode(&self, name: &str, disk_inode: &mut DiskInode) -> Option<u32> {
+        assert!(disk_inode.is_dir());
+        let file_count = (disk_inode.size as usize) / DIRENT_SZ;
+        let mut dirent = DirEntry::empty();
+        for i in 0..file_count {
+            assert_eq!(
+                disk_inode.read_at(DIRENT_SZ * i, dirent.as_bytes_mut(), &self.block_device,),
+                DIRENT_SZ,
+            );
+            if dirent.name() == name {
+                let result = Some(dirent.inode_id() as u32);
+                dirent = DirEntry::empty();
+                disk_inode.write_at(DIRENT_SZ * i, dirent.as_bytes(), &self.block_device);
+                return result
+            }
+        }
+        None
+    }
     /// Find inode under current inode by name
     pub fn find(&self, name: &str) -> Option<Arc<Inode>> {
         let fs = self.fs.lock();
@@ -73,6 +110,21 @@ impl Inode {
             })
         })
     }
+    /// Find mut inode under current inode by name
+    pub fn find_mut(&self, name: &str) -> Option<Arc<Mutex<Inode>>> {
+        let fs = self.fs.lock();
+        self.read_disk_inode(|disk_inode| {
+            self.find_inode_id(name, disk_inode).map(|inode_id| {
+                let (block_id, block_offset) = fs.get_disk_inode_pos(inode_id);
+                Arc::new(Mutex::new(Self::new(
+                    block_id,
+                    block_offset,
+                    self.fs.clone(),
+                    self.block_device.clone(),
+                )))
+            })
+        })
+    }
     /// Increase the size of a disk inode
     fn increase_size(
         &self,
@@ -90,6 +142,77 @@ impl Inode {
         }
         disk_inode.increase_size(new_size, v, &self.block_device);
     }
+
+    /// get inode id
+    pub fn get_inode_id(&self) -> u32 {
+        let fs = self.fs.lock();
+        fs.get_disk_inode_id(self.block_id as u32, self.block_offset)
+    }
+    
+    /// get inode type
+    pub fn get_inode_type(&self) -> bool {
+        self.read_disk_inode(|disk_inode| {
+            disk_inode.is_file()
+        })
+    }
+
+    /// linkat: hard link, only can be used by root inode.
+    pub fn linkat(&self, name: &str, inode_id: u32) {
+        let mut fs = self.fs.lock();
+        
+        self.modify_disk_inode(|root_inode| {
+            let file_count = (root_inode.size as usize) / DIRENT_SZ;
+            let new_size = (file_count + 1) * DIRENT_SZ;
+            self.increase_size(new_size as u32, root_inode, &mut fs);
+            let dirent = DirEntry::new(name, inode_id);
+            root_inode.write_at(
+                file_count * DIRENT_SZ,
+                dirent.as_bytes(),
+                &self.block_device,                  
+            );
+        });
+    }
+
+    /// get nlink in DiskInode
+    pub fn get_nlink(&self) -> u32 {
+        self.read_disk_inode(|disk_inode| {
+            disk_inode.nlink
+        })
+    } 
+    /// change nlink in DiskInode with +1/-1 
+    /// I think it's not safety, but it should work in small scale.
+    pub fn change_nlink(&mut self, value: i32) {
+        self.modify_disk_inode(|disk_inode| {
+            disk_inode.nlink = (disk_inode.nlink as i32 + value) as u32; 
+        })
+    }
+ 
+    // /// change nlink
+    // pub fn get_nlink(&self) -> Arc<u64> {
+    //     self.nlink.clone()
+    // }
+    // /// change nlink
+    // pub fn change_nlink(&mut self, value: i64) -> Arc<u64> {
+    //     let new_nlink = (*self.nlink as i64 + value) as u64;
+    //     self.nlink = Arc::new(new_nlink);
+    //     self.nlink.clone()
+    // }
+
+    /// Unlinkat: hard link, only can be used by root inode
+    pub fn unlinkat(&self, name: &str) -> Option<bool> {
+        // let mut fs = self.fs.lock();
+
+        let ret = self.modify_disk_inode(|root_inode| {
+            if let Some(inode_id) = self.remove_inode(name, root_inode) {
+                Some(self.check_inode_reserved(inode_id, root_inode))
+            }
+            else {
+                None
+            }
+        });
+        
+        ret
+    }
     /// Create inode under current inode by name
     pub fn create(&self, name: &str) -> Option<Arc<Inode>> {
         let mut fs = self.fs.lock();
diff --git a/os/src/fs/inode.rs b/os/src/fs/inode.rs
index 9953942..4fa9d98 100644
--- a/os/src/fs/inode.rs
+++ b/os/src/fs/inode.rs
@@ -25,7 +25,7 @@ pub struct OSInode {
 /// The OS inode inner in 'UPSafeCell'
 pub struct OSInodeInner {
     offset: usize,
-    inode: Arc<Inode>,
+    inode: Arc<Inode>
 }
 
 impl OSInode {
@@ -34,7 +34,10 @@ impl OSInode {
         Self {
             readable,
             writable,
-            inner: unsafe { UPSafeCell::new(OSInodeInner { offset: 0, inode }) },
+            inner: unsafe {UPSafeCell::new(OSInodeInner {
+                 offset: 0, 
+                 inode
+            })},
         }
     }
     /// read all data from the inode
@@ -125,6 +128,42 @@ pub fn open_file(name: &str, flags: OpenFlags) -> Option<Arc<OSInode>> {
     }
 }
 
+/// Linkat a file
+pub fn linkat(old_path: &str, new_path: &str) -> isize {
+    if let Some(inode_mut) = ROOT_INODE.find_mut(old_path) {
+        let mut inode = inode_mut.lock();
+        let inode_id = inode.get_inode_id();
+        ROOT_INODE.linkat(new_path, inode_id);
+        inode.change_nlink(1);
+        inode_id as isize
+    }
+    else {
+        -1
+    }
+}
+
+/// Unlinkat a file
+pub fn unlinkat(path: &str) -> isize {
+    if let Some(inode_mut) = ROOT_INODE.find_mut(path) {
+        if let Some(reserved) = ROOT_INODE.unlinkat(path) {
+            let mut inode = inode_mut.lock();
+            if !reserved {
+                inode.clear();
+            }
+            else {
+                inode.change_nlink(-1);
+            }
+            inode.get_inode_id() as isize
+        }
+        else {
+            -1
+        }
+    }
+    else {
+        -1
+    }
+}
+
 impl File for OSInode {
     fn readable(&self) -> bool {
         self.readable
@@ -156,4 +195,24 @@ impl File for OSInode {
         }
         total_write_size
     }
+    fn get_inode_id(&self) -> u64 {
+        let inner = self.inner.exclusive_access();
+        inner.inode.get_inode_id() as u64
+    }
+    fn get_fstat(&self) -> (bool, u32) {
+        let inner = self.inner.exclusive_access();
+        let file_type = inner.inode.get_inode_type();
+        let nlink = inner.inode.get_nlink();
+        (file_type, nlink)
+    }
+    // fn decrease_nlink(&mut self) {
+    //     let mut inner = self.inner.exclusive_access();
+    //     if inner.nlink > 0 {
+    //         inner.nlink -= 1;
+    //     }
+    // }
+    // fn increase_nlink(&mut self) {
+    //     let mut inner = self.inner.exclusive_access();
+    //     inner.nlink += 1;
+    // }
 }
diff --git a/os/src/fs/mod.rs b/os/src/fs/mod.rs
index 4c99179..22adef6 100644
--- a/os/src/fs/mod.rs
+++ b/os/src/fs/mod.rs
@@ -15,11 +15,19 @@ pub trait File: Send + Sync {
     fn read(&self, buf: UserBuffer) -> usize;
     /// write to the file from buf, return the number of bytes written
     fn write(&self, buf: UserBuffer) -> usize;
+    /// get inode id
+    fn get_inode_id(&self) -> u64 {
+        0
+    }
+    /// get inode
+    fn get_fstat(&self) -> (bool, u32) {
+        (false, 0)
+    }
 }
 
 /// The stat of a inode
 #[repr(C)]
-#[derive(Debug)]
+#[derive(Debug, Clone)]
 pub struct Stat {
     /// ID of device containing file
     pub dev: u64,
@@ -33,6 +41,19 @@ pub struct Stat {
     pad: [u64; 7],
 }
 
+impl Stat {
+    /// create a new Stat in memory
+    pub fn new(ino: u64, mode: StatMode, nlink: u32) -> Self {
+        Self {
+            dev: 0,
+            ino,
+            mode,
+            nlink,
+            pad: [0; 7],
+        }
+    }
+}
+
 bitflags! {
     /// The mode of a inode
     /// whether a directory or a file
@@ -46,5 +67,5 @@ bitflags! {
     }
 }
 
-pub use inode::{list_apps, open_file, OSInode, OpenFlags};
+pub use inode::{list_apps, open_file, OSInode, OpenFlags, linkat, unlinkat};
 pub use stdio::{Stdin, Stdout};
diff --git a/os/src/mm/memory_set.rs b/os/src/mm/memory_set.rs
index a5a9ede..f7e8e93 100644
--- a/os/src/mm/memory_set.rs
+++ b/os/src/mm/memory_set.rs
@@ -81,6 +81,81 @@ impl MemorySet {
     /// Add a new MapArea into this MemorySet.
     /// Assuming that there are no conflicts in the virtual address
     /// space.
+    /// Don't need to assume that no conflicts.
+    pub fn insert_framed_area_safely(
+        &mut self,
+        start_va: VirtAddr,
+        end_va: VirtAddr,
+        permission: MapPermission,
+    ) -> isize { 
+        if self.check_intersect(start_va, end_va).is_some() {
+            // println!("{:?} {:?} {:?} {:?}", area.vpn_range.get_start(), area.vpn_range.get_end(), start_va.floor(), end_va.ceil());
+            return -1;
+        }
+        else {
+            self.insert_framed_area(start_va, end_va, permission);
+            return 0;
+        }
+    }
+    /// Assume that no conflicts and aligned addresses
+    pub fn delete_framed_area(
+        &mut self,
+        start_va: VirtAddr,
+        end_va: VirtAddr,
+    ) -> isize {
+        // self.push(
+        //     MapArea::new(start_va, end_va, MapType::Framed, permission),
+        //     None,
+        // );
+        if self.check_intersect_identity(start_va, end_va) == -1 {
+            // println!("{:?} {:?} {:?} {:?}", start_va.floor(), end_va.ceil(), area.vpn_range.get_start(), area.vpn_range.get_end());
+            return -1;
+        }
+        if let Some(area) = self
+            .areas
+            .iter_mut()
+            .find(|area| area.vpn_range.get_start() == start_va.floor()) {
+            if area.vpn_range.get_end() != end_va.ceil() {
+                return -1;
+            }
+            else {
+                area.unmap(&mut self.page_table);
+                self.areas.retain(|area| area.vpn_range.get_start() != start_va.floor());
+                return 0;
+            }
+        } else {
+            -1
+        }
+    }
+    /// Check Intersect
+    fn check_intersect(&self, start_va: VirtAddr, end_va: VirtAddr) -> Option<&MapArea> {
+        if let Some(area) = self
+            .areas
+            .iter()
+            .find(|area| {
+               !(area.vpn_range.get_end() <= start_va.floor() || area.vpn_range.get_start() >= end_va.ceil()) 
+            }) {
+            // println!("{:?} {:?} {:?} {:?}", area.vpn_range.get_start(), area.vpn_range.get_end(), start_va.floor(), end_va.ceil());
+            Some(area)
+        }
+        else {            
+            None
+        }
+    }
+    /// Check Intersect
+    fn check_intersect_identity(&self, start_va: VirtAddr, end_va: VirtAddr) -> isize {
+        if let Some(area) = self.check_intersect(start_va, end_va) {
+            if !(area.vpn_range.get_start() == start_va.floor() && area.vpn_range.get_end() == end_va.ceil()) {
+                -1
+            }
+            else {
+                0
+            }
+        }
+        else {
+            0
+        }
+    }
     fn push(&mut self, mut map_area: MapArea, data: Option<&[u8]>) {
         map_area.map(&mut self.page_table);
         if let Some(data) = data {
diff --git a/os/src/syscall/fs.rs b/os/src/syscall/fs.rs
index 864d6ba..2f52d19 100644
--- a/os/src/syscall/fs.rs
+++ b/os/src/syscall/fs.rs
@@ -1,6 +1,6 @@
 //! File and filesystem-related syscalls
-use crate::fs::{open_file, OpenFlags, Stat};
-use crate::mm::{translated_byte_buffer, translated_str, UserBuffer};
+use crate::fs::{linkat, open_file, unlinkat, OpenFlags, Stat, StatMode};
+use crate::mm::{translated_byte_buffer, translated_refmut, translated_str, UserBuffer};
 use crate::task::{current_task, current_user_token};
 
 pub fn sys_write(fd: usize, buf: *const u8, len: usize) -> isize {
@@ -81,23 +81,70 @@ pub fn sys_fstat(_fd: usize, _st: *mut Stat) -> isize {
         "kernel:pid[{}] sys_fstat NOT IMPLEMENTED",
         current_task().unwrap().pid.0
     );
-    -1
+    
+    let current_task = current_task().unwrap();
+    let token = current_task.get_user_token();
+    let inner  = current_task.inner_exclusive_access();
+    if _fd >= inner.fd_table.len() {
+        return -1;
+    } 
+    if let Some(file) = inner.fd_table[_fd].clone() {
+        // let inode_id = file.get_inode_id();
+        let (is_file, nlink) = file.get_fstat();
+        let inode_id = file.get_inode_id();
+        let st = translated_refmut(token, _st);
+        // let mut stat_table = FD_STAT.lock();
+        // stat_table.resize(inner.fd_table.len(),1);
+        let mode: StatMode;
+        if is_file {
+            mode = StatMode::FILE;
+        }
+        else {
+            mode = StatMode::DIR;
+        }
+        *st = Stat::new(inode_id, mode, nlink as u32);
+        0
+    }
+    else {
+        -1
+    }
 }
 
 /// YOUR JOB: Implement linkat.
 pub fn sys_linkat(_old_name: *const u8, _new_name: *const u8) -> isize {
     trace!(
-        "kernel:pid[{}] sys_linkat NOT IMPLEMENTED",
+        "kernel:pid[{}] sys_linkat",
         current_task().unwrap().pid.0
     );
-    -1
+    let current_task = current_task().unwrap();
+    let token = current_task.get_user_token();
+    let old_name = translated_str(token, _old_name);
+    let new_name = translated_str(token, _new_name);
+    if old_name == new_name {
+        -1
+    }
+    else {
+        let inode_id = linkat(old_name.as_str(), new_name.as_str());
+        if inode_id == -1 {
+            return -1;
+        }
+        
+        0
+    }
 }
 
 /// YOUR JOB: Implement unlinkat.
 pub fn sys_unlinkat(_name: *const u8) -> isize {
     trace!(
-        "kernel:pid[{}] sys_unlinkat NOT IMPLEMENTED",
+        "kernel:pid[{}] sys_unlinkat",
         current_task().unwrap().pid.0
     );
-    -1
+    let current_task = current_task().unwrap();
+    let token = current_task.get_user_token();
+    let name = translated_str(token, _name);
+    let inode_id = unlinkat(name.as_str());
+    if inode_id == -1 {
+        return -1;
+    }
+    0
 }
diff --git a/os/src/syscall/mm_utils.rs b/os/src/syscall/mm_utils.rs
new file mode 100644
index 0000000..8d35d8e
--- /dev/null
+++ b/os/src/syscall/mm_utils.rs
@@ -0,0 +1,26 @@
+//! Implementation of [`Memory_function`].
+
+use super::process::TimeVal;
+use alloc::vec::Vec;
+
+pub fn modify_timeval(byteslices: &mut Vec<&'static mut [u8]>, t: TimeVal) {
+    if byteslices.get(0).map_or(false, |bytes| bytes.len() >= core::mem::size_of::<TimeVal>()) {
+        let bytes = &mut byteslices[0];
+        let timeval_ptr = bytes.as_mut_ptr() as *mut TimeVal;
+        unsafe {
+            let timeval = &mut *timeval_ptr;
+            timeval.sec = t.sec;
+            timeval.usec = t.usec;
+        }
+    } else if byteslices.len() >= 2 {
+        let sec_ptr = byteslices[0].as_mut_ptr() as *mut usize;
+        let usec_ptr = byteslices[1].as_mut_ptr() as *mut usize;
+        
+        unsafe {
+            *sec_ptr = t.sec;
+            *usec_ptr = t.usec;
+        }
+    }
+}
+
+
diff --git a/os/src/syscall/mod.rs b/os/src/syscall/mod.rs
index 0c88335..084da94 100644
--- a/os/src/syscall/mod.rs
+++ b/os/src/syscall/mod.rs
@@ -51,6 +51,7 @@ const SYSCALL_SPAWN: usize = 400;
 
 mod fs;
 mod process;
+mod mm_utils;
 
 use fs::*;
 use process::*;
diff --git a/os/src/syscall/process.rs b/os/src/syscall/process.rs
index 959c589..73f9a61 100644
--- a/os/src/syscall/process.rs
+++ b/os/src/syscall/process.rs
@@ -7,9 +7,15 @@ use crate::{
     mm::{translated_refmut, translated_str},
     task::{
         add_task, current_task, current_user_token, exit_current_and_run_next,
-        suspend_current_and_run_next,
+        suspend_current_and_run_next, TaskControlBlock,
     },
 };
+// =======
+// use riscv::paging::PTE;
+
+use crate::{mm::{translated_byte_buffer, MapPermission, VirtAddr}, timer::get_time_us};
+use super::mm_utils::modify_timeval;
+// >>>>>>> 52c4b62 (reimplemented(sys_trace & sys_get_time) + build(mmap & munmap))
 
 #[repr(C)]
 #[derive(Debug)]
@@ -106,29 +112,53 @@ pub fn sys_waitpid(pid: isize, exit_code_ptr: *mut i32) -> isize {
 /// HINT: You might reimplement it with virtual memory management.
 /// HINT: What if [`TimeVal`] is splitted by two pages ?
 pub fn sys_get_time(_ts: *mut TimeVal, _tz: usize) -> isize {
-    trace!(
-        "kernel:pid[{}] sys_get_time NOT IMPLEMENTED",
-        current_task().unwrap().pid.0
-    );
-    -1
+    trace!("kernel: sys_get_time");
+    // -1
+    // get_time_ms()
+    let token = current_user_token();
+    let mut byte_buffer = translated_byte_buffer(token, _ts as *const u8, core::mem::size_of::<TimeVal>());
+    let usec = get_time_us();
+    let timeval: TimeVal = TimeVal { sec: usec / 1_000_000 , usec };
+    modify_timeval(&mut byte_buffer, timeval);
+    0
 }
 
-/// YOUR JOB: Implement mmap.
+// YOUR JOB: Implement mmap.
 pub fn sys_mmap(_start: usize, _len: usize, _port: usize) -> isize {
-    trace!(
-        "kernel:pid[{}] sys_mmap NOT IMPLEMENTED",
-        current_task().unwrap().pid.0
-    );
-    -1
+    trace!("kernel: sys_mmap");
+    if (_port & 0x7 == 0) || (_port & (!0x7) != 0) {
+        // println!("Oops");
+        return -1;
+    }
+    let start_va = VirtAddr::from(_start);
+    let end_va = VirtAddr::from(_start + _len);
+    if !start_va.aligned() {
+        return -1;
+    }
+    let permission: MapPermission = MapPermission::from_bits((_port << 1) as u8).unwrap() | MapPermission::U;
+    // let ret = with_current_memory_set(|memory_set: &mut MemorySet| {
+        // memory_set.insert_framed_area_safely(start_va, end_va, permission)
+    // });
+    let current_task = current_task().unwrap();
+    let mut inner = current_task.inner_exclusive_access();
+    let ret = inner.memory_set.insert_framed_area_safely(start_va, end_va, permission);
+    drop(inner);
+    ret
 }
 
 /// YOUR JOB: Implement munmap.
 pub fn sys_munmap(_start: usize, _len: usize) -> isize {
-    trace!(
-        "kernel:pid[{}] sys_munmap NOT IMPLEMENTED",
-        current_task().unwrap().pid.0
-    );
-    -1
+    trace!("kernel: sys_munmap");
+    let start_va = VirtAddr::from(_start);
+    let end_va = VirtAddr::from(_start + _len);
+    if !start_va.aligned() {
+        return -1;
+    }
+    let current_task = current_task().unwrap();
+    let mut inner = current_task.inner_exclusive_access();
+    let ret = inner.memory_set.delete_framed_area(start_va, end_va);
+    drop(inner);
+    ret
 }
 
 /// change data segment size
@@ -148,7 +178,18 @@ pub fn sys_spawn(_path: *const u8) -> isize {
         "kernel:pid[{}] sys_spawn NOT IMPLEMENTED",
         current_task().unwrap().pid.0
     );
-    -1
+    let token = current_user_token();
+    let path = translated_str(token, _path);
+    if let Some(inode) = open_file(path.as_str(), OpenFlags::RDONLY) {
+        let elf_data = inode.read_all();
+        let new_task: Arc<TaskControlBlock> = current_task().unwrap().spawn(elf_data.as_slice());
+        let new_pid = new_task.pid.0;
+        add_task(new_task);
+        return new_pid as isize;
+    }
+    else {
+        return -1;
+    }
 }
 
 // YOUR JOB: Set task priority.
@@ -157,5 +198,17 @@ pub fn sys_set_priority(_prio: isize) -> isize {
         "kernel:pid[{}] sys_set_priority NOT IMPLEMENTED",
         current_task().unwrap().pid.0
     );
-    -1
+    let current_task = current_task().unwrap();
+    let mut inner = current_task.inner_exclusive_access();
+    if _prio >= 2 {
+        inner.task_priority.set_prio(_prio as usize);
+        drop(inner);
+        _prio
+    }
+    else {
+        -1
+    }
+
 }
+
+// pub fn sys_linkat
diff --git a/os/src/task/manager.rs b/os/src/task/manager.rs
index 99393a4..dd4b468 100644
--- a/os/src/task/manager.rs
+++ b/os/src/task/manager.rs
@@ -1,4 +1,6 @@
 //!Implementation of [`TaskManager`]
+// use core::intrinsics::min_align_of;
+
 use super::TaskControlBlock;
 use crate::sync::UPSafeCell;
 use alloc::collections::VecDeque;
@@ -23,7 +25,29 @@ impl TaskManager {
     }
     /// Take a process out of the ready queue
     pub fn fetch(&mut self) -> Option<Arc<TaskControlBlock>> {
-        self.ready_queue.pop_front()
+        // self.ready_queue.pop_front()
+        let mut min_stride: usize = usize::MAX;
+        for idx in 0..self.ready_queue.len() {
+            let task = self.ready_queue[idx].clone();
+            let inner = task.inner_exclusive_access();
+            min_stride = min_stride.min(inner.task_priority.get_stride());
+        }
+        if min_stride != usize::MAX {
+            for idx in 0..self.ready_queue.len() {
+                let task = self.ready_queue[idx].clone();
+                let inner = task.inner_exclusive_access();
+                if min_stride == inner.task_priority.get_stride() {
+                    self.ready_queue.remove(idx);
+                    drop(inner);
+                    return Some(task);
+                }
+            }
+            None
+        }
+        else {
+            None
+        }
+
     }
 }
 
diff --git a/os/src/task/mod.rs b/os/src/task/mod.rs
index 60e8ea0..6082c73 100644
--- a/os/src/task/mod.rs
+++ b/os/src/task/mod.rs
@@ -18,6 +18,7 @@ mod id;
 mod manager;
 mod processor;
 mod switch;
+mod priority;
 #[allow(clippy::module_inception)]
 #[allow(rustdoc::private_intra_doc_links)]
 mod task;
@@ -29,6 +30,7 @@ use lazy_static::*;
 pub use manager::{fetch_task, TaskManager};
 use switch::__switch;
 pub use task::{TaskControlBlock, TaskStatus};
+use priority::TaskPriority;
 
 pub use id::{kstack_alloc, pid_alloc, KernelStack, PidHandle};
 pub use manager::add_task;
diff --git a/os/src/task/priority.rs b/os/src/task/priority.rs
new file mode 100644
index 0000000..f43221a
--- /dev/null
+++ b/os/src/task/priority.rs
@@ -0,0 +1,24 @@
+
+const BIGSTRIDE: usize = 1600000;
+pub struct TaskPriority {
+    prio: usize,
+    stride: usize,
+}
+
+impl TaskPriority {
+    pub fn new() -> Self {
+        Self {
+            prio: 16,
+            stride: 0,
+        }
+    }
+    pub fn set_prio(&mut self, prio: usize) {
+        self.prio = prio;
+    }
+    pub fn step_one(&mut self) {
+        self.stride += BIGSTRIDE / self.prio;
+    }
+    pub fn get_stride(&self) -> usize {
+        self.stride
+    }
+}
\ No newline at end of file
diff --git a/os/src/task/task.rs b/os/src/task/task.rs
index ff5b581..99902b5 100644
--- a/os/src/task/task.rs
+++ b/os/src/task/task.rs
@@ -1,16 +1,18 @@
 //! Types related to task management & Functions for completely changing TCB
 use super::TaskContext;
-use super::{kstack_alloc, pid_alloc, KernelStack, PidHandle};
+use super::{kstack_alloc, pid_alloc, KernelStack, PidHandle, TaskPriority};
 use crate::config::TRAP_CONTEXT_BASE;
 use crate::fs::{File, Stdin, Stdout};
 use crate::mm::{MemorySet, PhysPageNum, VirtAddr, KERNEL_SPACE};
 use crate::sync::UPSafeCell;
 use crate::trap::{trap_handler, TrapContext};
+
 use alloc::sync::{Arc, Weak};
 use alloc::vec;
 use alloc::vec::Vec;
 use core::cell::RefMut;
 
+
 /// Task control block structure
 ///
 /// Directly save the contents that will not change during running
@@ -52,6 +54,9 @@ pub struct TaskControlBlockInner {
     /// Maintain the execution status of the current process
     pub task_status: TaskStatus,
 
+    /// Maintain the priority status of the current process
+    pub task_priority: TaskPriority,
+
     /// Application address space
     pub memory_set: MemorySet,
 
@@ -121,6 +126,7 @@ impl TaskControlBlock {
                     base_size: user_sp,
                     task_cx: TaskContext::goto_trap_return(kernel_stack_top),
                     task_status: TaskStatus::Ready,
+                    task_priority: TaskPriority::new(),
                     memory_set,
                     parent: None,
                     children: Vec::new(),
@@ -209,6 +215,7 @@ impl TaskControlBlock {
                     base_size: parent_inner.base_size,
                     task_cx: TaskContext::goto_trap_return(kernel_stack_top),
                     task_status: TaskStatus::Ready,
+                    task_priority: TaskPriority::new(),
                     memory_set,
                     parent: Some(Arc::downgrade(self)),
                     children: Vec::new(),
@@ -230,6 +237,60 @@ impl TaskControlBlock {
         // **** release child PCB
         // ---- release parent PCB
     }
+    /// parent process spawn the child process
+    pub fn spawn(self: &Arc<Self>, elf_data: &[u8]) -> Arc<Self> {
+        // ---- access parent PCB exclusively
+        let mut parent_inner = self.inner_exclusive_access();
+        // copy user space(include trap context)
+        let (memory_set, user_sp, entry_point) = MemorySet::from_elf(elf_data);
+        let trap_cx_ppn = memory_set
+            .translate(VirtAddr::from(TRAP_CONTEXT_BASE).into())
+            .unwrap()
+            .ppn();
+        // alloc a pid and a kernel stack in kernel space
+        let pid_handle = pid_alloc();
+        let kernel_stack = kstack_alloc();
+        let kernel_stack_top = kernel_stack.get_top();
+        // new fd table
+        let new_fd_table: Vec<Option<Arc<dyn File + Send + Sync>>> = Vec::new();
+        let task_control_block = Arc::new(TaskControlBlock {
+            pid: pid_handle,
+            kernel_stack,
+            inner: unsafe {
+                UPSafeCell::new(TaskControlBlockInner {
+                    trap_cx_ppn,
+                    base_size: user_sp,
+                    task_cx: TaskContext::goto_trap_return(kernel_stack_top),
+                    task_status: TaskStatus::Ready,
+                    task_priority: TaskPriority::new(),
+                    memory_set,
+                    parent: Some(Arc::downgrade(self)),
+                    children: Vec::new(),
+                    exit_code: 0,
+                    heap_bottom: user_sp, //?
+                    program_brk: user_sp,
+                    fd_table: new_fd_table,
+                })
+            },
+        });
+        // add child
+        parent_inner.children.push(task_control_block.clone());
+        // modify kernel_sp in trap_cx
+        // **** access child PCB exclusively
+        // let trap_cx = task_control_block.inner_exclusive_access().get_trap_cx();
+        // trap_cx.kernel_sp = kernel_stack_top;
+        let trap_cx  = task_control_block.inner_exclusive_access().get_trap_cx();
+        *trap_cx = TrapContext::app_init_context(
+            entry_point, 
+            user_sp,
+            KERNEL_SPACE.exclusive_access().token(), 
+            kernel_stack_top, 
+            trap_handler as usize);
+        // return
+        task_control_block
+        // **** release child PCB
+        // ---- release parent PCB
+    }
 
     /// get pid of process
     pub fn getpid(&self) -> usize {
diff --git a/os/src/trap/mod.rs b/os/src/trap/mod.rs
index fb8ef9f..aee887a 100644
--- a/os/src/trap/mod.rs
+++ b/os/src/trap/mod.rs
@@ -17,7 +17,7 @@ mod context;
 use crate::config::{TRAMPOLINE, TRAP_CONTEXT_BASE};
 use crate::syscall::syscall;
 use crate::task::{
-    current_trap_cx, current_user_token, exit_current_and_run_next, suspend_current_and_run_next,
+    current_trap_cx, current_user_token, exit_current_and_run_next, suspend_current_and_run_next
 };
 use crate::timer::set_next_trigger;
 use core::arch::{asm, global_asm};
diff --git a/reports/lab1.md b/reports/lab1.md
new file mode 100644
index 0000000..ffef977
--- /dev/null
+++ b/reports/lab1.md
@@ -0,0 +1,13 @@
+通过在 `TaskControlBlock` 里加入对于 `syscall` 的计数器，实现了对 `syscall` 调用次数的计数。
+为了获取当前任务 `id`，直接在 `TaskManager` 的实现里加入了 `count_current_syscall` 和 `get_current_syscall` 两个函数，并在外部包装成 `pub` 属性的。
+在 `trap_handler` 内处理 `syscall` 的分支处调用 `count_current_syscall` 即完成了对于不同 `syscall` 的计数。
+
+---
+
+在完成本次实验的过程（含此前学习的过程）中，我曾分别与 就（与本次实验相关的）以下方面做过交流，还在代码中对应的位置以注释形式记录了具体的交流对象及内容：
+
+此外，我也参考了以下资料 ，还在代码中对应的位置以注释形式记录了具体的参考来源及内容：
+
+3. 我独立完成了本次实验除以上方面之外的所有工作，包括代码与文档。 我清楚地知道，从以上方面获得的信息在一定程度上降低了实验难度，可能会影响起评分。
+
+4. 我从未使用过他人的代码，不管是原封不动地复制，还是经过了某些等价转换。 我未曾也不会向他人（含此后各届同学）复制或公开我的实验代码，我有义务妥善保管好它们。 我提交至本实验的评测系统的代码，均无意于破坏或妨碍任何计算机系统的正常运转。 我清楚地知道，以上情况均为本课程纪律所禁止，若违反，对应的实验成绩将按“-100”分计。
diff --git a/reports/lab2.md b/reports/lab2.md
new file mode 100644
index 0000000..ed4b358
--- /dev/null
+++ b/reports/lab2.md
@@ -0,0 +1,11 @@
+### sys_get_time & sys_trace reimplement
+
+通过 `syscall/mm_utils.rs` 的功能拆分实现了虚拟内存访问部分与系统调用部分解耦，主要实现了 `modify_timeval` 和 `access_byte` 两个函数，前者的上下文是已实现的 `translated_byte_buffer`，通过该函数得到字节数组切片，再使用 `modify_timeval` 对该切片进行操作，而 `access_byte` 则直接通过扩展后的 `PageTable.translate` 即 `translate_if_available` 实现，通过传入的 `PTEFlags` 在访问 `PageTable` 时判断实际页表是否可用。
+
+将 `[usize; 500]` 封装成 `SyscallCount` 用于对指定 id 的系统调用进行计数。
+
+### mmap && munmap
+
+通过 `MemorySet` 实现了 `Framed` 映射。扩展了 `insert_framed_area` 函数，即 `insert_framed_area_safely`，该函数会判断是否存在 conflict，并在存在 conflict 时返回 `-1`。
+
+新写了 `delete_framed_area` 函数。
\ No newline at end of file
diff --git a/reports/lab3.md b/reports/lab3.md
new file mode 100644
index 0000000..b6953ea
--- /dev/null
+++ b/reports/lab3.md
@@ -0,0 +1,11 @@
+### sys_get_time
+
+无修改，之前的逻辑可以直接拿来用
+
+### sys_spawn
+
+并不必要复制父进程的内存空间，可以直接根据给出文件的 `elf_data` 生成对应的进程空间，然后构造对应的 `TaskControlBlock` 和 `TrapContext` 即可。
+
+### sys_setprio
+
+通过将进程优先级的功能拆分为 `task/priority.rs` 实现，并简单修改 `fetch_task()` 的逻辑即可。
